========================================================================================
修复版检索基准 —— 全局候选池 + 构造锚定量化（n=1100 句，K=10，本体 2177 框架）
========================================================================================

【全局图】文档 110/110 有边 ｜ L1 边 856 ｜ 扩展边 5 ｜ chunk 1100
→ 候选池规模 = 1100（原基准 median 7–8 / max 10）

【查询集】anchored 40 ｜ deanchor 40
【排序器】自监督训练集 n=3424

========================================================================================
【口径 A anchored —— 金标=产出 chunk（重叠型查询）】
========================================================================================
  查询数 40
    hand_recalibrated  MRR=0.9050  Hits@3=0.9750  Hits@10=1.0000  Recall@10=1.0000
    hand_legacy        MRR=0.7678  Hits@3=0.8250  Hits@10=0.8500  Recall@10=0.8500
    trained            MRR=0.9300  Hits@3=0.9750  Hits@10=1.0000  Recall@10=1.0000
  权重重标定效应 Δ MRR = +0.1372
  金标规模：min=1 median=1 max=1

========================================================================================
【口径 B deanchor —— 产出 chunk 移出池（重叠型查询）】
========================================================================================
  查询数 40
    hand_recalibrated  MRR=0.2532  Hits@3=0.4000  Hits@10=0.6000  Recall@10=0.4442
    hand_legacy        MRR=0.2586  Hits@3=0.4250  Hits@10=0.5750  Recall@10=0.4072
    trained            MRR=0.2325  Hits@3=0.4000  Hits@10=0.5250  Recall@10=0.3501
  权重重标定效应 Δ MRR = -0.0053
  金标规模：min=1 median=3 max=37

========================================================================================
【口径 A anchored（**改写型查询**）】
========================================================================================
  查询数 777
    hand_recalibrated  MRR=0.1172  Hits@3=0.1261  Hits@10=0.1905  Recall@10=0.1905
    hand_legacy        MRR=0.0775  Hits@3=0.0798  Hits@10=0.1133  Recall@10=0.1133
    trained            MRR=0.1341  Hits@3=0.1493  Hits@10=0.2124  Recall@10=0.2124
  权重重标定效应 Δ MRR = +0.0397
  金标规模：min=1 median=1 max=1

========================================================================================
【口径 B deanchor（**改写型查询**）】
========================================================================================
  查询数 508
    hand_recalibrated  MRR=0.0882  Hits@3=0.0906  Hits@10=0.1752  Recall@10=0.0934
    hand_legacy        MRR=0.0935  Hits@3=0.0965  Hits@10=0.1772  Recall@10=0.0850
    trained            MRR=0.0809  Hits@3=0.0787  Hits@10=0.1634  Recall@10=0.0755
  权重重标定效应 Δ MRR = -0.0053
  金标规模：min=1 median=3 max=37

========================================================================================
【三通路分解】同一全局候选池上比较（§6.1 的核心主张）
========================================================================================
  [口径 A anchored（重叠型）] n=40
    通路              MRR    Hits@3   Hits@10   Recall@10
    字面包含         0.8750    0.8750    0.8750      0.8750
    触发词级联        0.1061    0.1000    0.2750      0.2750
    语义超图         0.9050    0.9750    1.0000      1.0000
    字面包含 非空率 35/40 = 0.875
    触发词级联 非空率 20/40 = 0.500
    语义超图 非空率 40/40 = 1.000
  [口径 B deanchor（重叠型）] n=40
    通路              MRR    Hits@3   Hits@10   Recall@10
    字面包含         0.1146    0.2250    0.2500      0.2162
    触发词级联        0.1250    0.1250    0.1750      0.0870
    语义超图         0.2532    0.4000    0.6000      0.4442
    字面包含 非空率 34/40 = 0.850
    触发词级联 非空率 17/40 = 0.425
    语义超图 非空率 40/40 = 1.000
  [口径 A anchored（改写型）] n=777
    通路              MRR    Hits@3   Hits@10   Recall@10
    字面包含         0.0000    0.0000    0.0000      0.0000
    触发词级联        0.0095    0.0129    0.0206      0.0206
    语义超图         0.1183    0.1261    0.1918      0.1918
    字面包含 非空率 0/777 = 0.000
    触发词级联 非空率 149/777 = 0.192
    语义超图 非空率 777/777 = 1.000
