==============================================================================
字面误判（FP）句逐条解剖：本体登记 / 退化框架 分类
==============================================================================

FP#1: 十里长安街亮如白昼，[天安门广场ns  的大红灯笼光华四射，两条由灯饰组成的隧道，如同飞落人间的彩虹花园，把节日的广场装点得灿若星河。
  边数=1  本体登记=1  退化框架=0
    [本体] 花→思想 conf=0.85 type=NATURE mtype=DISCOVERED::NATURE_TO_思想
           triggers=['白昼', '彩虹花园', '星河'] ground=['花朵']

FP#2: 王华英（潘汉年饰演者）：扮演潘汉年，时时处处感到有千百万双眼睛犹如千百万台摄影机在对我聚焦，深感使命重大，不敢稍有懈怠。
  边数=1  本体登记=1  退化框架=0
    [本体] 摄影→记忆 conf=0.9 type=GENERIC_VEHICLE mtype=GENERIC_VEHICLE_MAP
           triggers=['聚焦'] ground=['时光']

FP#3: 淅淅沥沥的一场春雨，滋润着牧奎村的黑土地，也淋湿了老张的心
  边数=1  本体登记=1  退化框架=0
    [本体] 雨→书 conf=0.9 type=NATURAL_PHENOMENON mtype=DISCOVERED::NATURAL_PHENOMENON_TO_书
           triggers=['淋湿'] ground=['滋润']

FP#4: 湖北襄樊市襄棉职工大学讲师黄义接过入住安居工程的纪念钥匙。
  边数=1  本体登记=1  退化框架=0
    [本体] 钥匙→认识 conf=0.9 type=GENERIC_VEHICLE mtype=GENERIC_VEHICLE_MAP
           triggers=['钥匙'] ground=['秘钥']

FP#5: 他目光痴情地掠过一株株的葡萄藤，仿佛这绿色的千军万马正整装待发。
  边数=1  本体登记=1  退化框架=0
    [本体] 马→人生 conf=0.9 type=ORGANISM mtype=DISCOVERED::ORGANISM_TO_人生
           triggers=['千军万马'] ground=['跑高速', '刹车']

FP#6: 敌人的防线被英勇的解放军战士冲破了。
  边数=1  本体登记=1  退化框架=0
    [本体] 障碍→谈判 conf=0.9 type=GENERIC_VEHICLE mtype=GENERIC_VEHICLE_MAP
           triggers=['防线', '冲破'] ground=['打破']

FP#7: 慰问信说，拥有你们的爱是人民警察的骄傲，正是因为有了你们的奉献和牺牲，广大公安民警才得以前仆后继，勇往直前。
  边数=1  本体登记=1  退化框架=0
    [本体] 战争→工作 conf=0.85 type=WAR mtype=DISCOVERED::WAR_TO_工作
           triggers=['前仆后继'] ground=['攻坚战', '眉眼功夫', '柔腔细调']

==============================================================================
FP 句总数=7，其中「仅退化框架支撑」=0
⇒ 若 0，则任何『只惩罚退化溯源』的机制对 P1 的天花板效应 = 0（可证）

==============================================================================
通道归因：FP 句的边由哪条通道产出？
==============================================================================
  有 conf>=0.85 发现候选、且最终判为隐喻的中性句 = 7
  ⇒ 这些边走 extract 通道三，emit(skip_refine=True)，**从不经过 refine**（压 P1 的真正机制）
