========================================================================================
修复版检索基准 —— 全局候选池 + 构造锚定量化（n=1100 句，K=10，本体 2177 框架）
========================================================================================

【全局图】文档 110/110 有边 ｜ L1 边 856 ｜ 扩展边 5 ｜ chunk 1100
→ 候选池规模 = 1100（原基准 median 7–8 / max 10）

【查询集】anchored 634 ｜ deanchor 385
【排序器】自监督训练集 n=3424

========================================================================================
【口径 A】anchored —— 金标=产出 chunk（现行口径，但池已全局化）
========================================================================================
  查询数 634
    hand_weighted  MRR=0.8454  Hits@3=0.9069  Hits@10=0.9448  Recall@10=0.9448
    trained        MRR=0.9064  Hits@3=0.9464  Hits@10=0.9732  Recall@10=0.9732
  金标规模：min=1 median=1 max=1

========================================================================================
【口径 B】deanchor —— 产出 chunk 从池中移除，金标=同框架其它 chunk
========================================================================================
  查询数 385
    hand_weighted  MRR=0.2270  Hits@3=0.3532  Hits@10=0.4468  Recall@10=0.3146
    trained        MRR=0.2179  Hits@3=0.3299  Hits@10=0.4338  Recall@10=0.3044
  金标规模：min=1 median=3 max=37

========================================================================================
【评测自我审计】
========================================================================================
  随机排序基线（池=1100，金标=1）：MRR=0.0069  Hits@3=0.0027  Hits@10=0.0091
  原基准（池=7）随机基线：MRR≈0.3704  Hits@10=1.0000（平凡饱和）
  → 新基准下 Hits@10 不再是平凡值，MRR 量程从 0.63 扩展到 0.99
