========================================================================================
修复版检索基准 —— 全局候选池 + 构造锚定量化（n=1100 句，K=10，本体 2177 框架）
========================================================================================

【全局图】文档 110/110 有边 ｜ L1 边 856 ｜ 扩展边 5 ｜ chunk 1100
→ 候选池规模 = 1100（原基准 median 7–8 / max 10）

【查询集】anchored 60 ｜ deanchor 60
【排序器】自监督训练集 n=3424

========================================================================================
【口径 A】anchored —— 金标=产出 chunk（现行口径，但池已全局化）
========================================================================================
  查询数 60
    hand_recalibrated  MRR=0.9200  Hits@3=0.9833  Hits@10=1.0000  Recall@10=1.0000
    hand_legacy        MRR=0.7703  Hits@3=0.8167  Hits@10=0.8333  Recall@10=0.8333
    trained            MRR=0.9304  Hits@3=0.9667  Hits@10=1.0000  Recall@10=1.0000
  权重重标定效应 Δ MRR = +0.1497
  金标规模：min=1 median=1 max=1

========================================================================================
【口径 B】deanchor —— 产出 chunk 从池中移除，金标=同框架其它 chunk
========================================================================================
  查询数 60
    hand_recalibrated  MRR=0.2474  Hits@3=0.3833  Hits@10=0.5667  Recall@10=0.4118
    hand_legacy        MRR=0.2512  Hits@3=0.4000  Hits@10=0.5500  Recall@10=0.3871
    trained            MRR=0.2334  Hits@3=0.3833  Hits@10=0.5167  Recall@10=0.3491
  权重重标定效应 Δ MRR = -0.0037
  金标规模：min=1 median=3 max=37

========================================================================================
【三通路分解】同一全局候选池上比较（§6.1 的核心主张）
========================================================================================
  [口径 A anchored（重叠型）] n=60
    通路              MRR    Hits@3   Hits@10   Recall@10
    字面包含         0.8833    0.8833    0.8833      0.8833
    触发词级联        0.0741    0.0667    0.2000      0.2000
    语义超图         0.9200    0.9833    1.0000      1.0000
    字面包含 非空率 53/60 = 0.883
    触发词级联 非空率 27/60 = 0.450
    语义超图 非空率 60/60 = 1.000
  [口径 B deanchor（重叠型）] n=60
    通路              MRR    Hits@3   Hits@10   Recall@10
    字面包含         0.1117    0.2167    0.2667      0.2206
    触发词级联        0.0972    0.1167    0.1500      0.0913
    语义超图         0.2474    0.3833    0.5667      0.4118
    字面包含 非空率 54/60 = 0.900
    触发词级联 非空率 21/60 = 0.350
    语义超图 非空率 60/60 = 1.000
  [口径 A anchored（改写型）] n=777
    通路              MRR    Hits@3   Hits@10   Recall@10
    字面包含         0.0000    0.0000    0.0000      0.0000
    触发词级联        0.0095    0.0129    0.0206      0.0206
    语义超图         0.1183    0.1261    0.1918      0.1918
    字面包含 非空率 0/777 = 0.000
    触发词级联 非空率 149/777 = 0.192
    语义超图 非空率 777/777 = 1.000
  [口径 B deanchor（改写型）] n=508
    通路              MRR    Hits@3   Hits@10   Recall@10
    字面包含         0.0000    0.0000    0.0000      0.0000
    触发词级联        0.0177    0.0236    0.0295      0.0175
    语义超图         0.0885    0.0906    0.1752      0.0927
    字面包含 非空率 0/508 = 0.000
    触发词级联 非空率 95/508 = 0.187
    语义超图 非空率 508/508 = 1.000
【评测自我审计】
========================================================================================
  随机排序基线（池=1100，金标=1）：MRR=0.0069  Hits@3=0.0027  Hits@10=0.0091
  原基准（池=7）随机基线：MRR≈0.3704  Hits@10=1.0000（平凡饱和）
  → 新基准下 Hits@10 不再是平凡值，MRR 量程从 0.63 扩展到 0.99
